// Jest Snapshot v1, https://goo.gl/fbAQLP

exports[`Player renders correctly 1`] = `
<video
  className="small-player"
  src="https://picsum.photos/id/1"
/>
`;
