// Jest Snapshot v1, https://goo.gl/fbAQLP

exports[`Detailed renders correctly 1`] = `
<section
  className="movie-card movie-card--full"
>
  <div
    className="movie-card__hero"
  >
    <div
      className="movie-card__bg"
    >
      <img
        alt="The Grand Budapest Hotel"
        src="https://picsum.photos/id/1"
      />
    </div>
    <div
      className="movie-card__wrap"
    >
      <div
        className="movie-card__desc"
      >
        <h2
          className="movie-card__title"
        >
          Test title 1
        </h2>
        <p
          className="movie-card__meta"
        >
          <span
            className="movie-card__genre"
          >
            Comedy
          </span>
          <span
            className="movie-card__year"
          />
        </p>
        <div
          className="movie-card__buttons"
        >
          <button
            className="btn btn--play movie-card__button"
            type="button"
          >
            <svg
              height="19"
              viewBox="0 0 19 19"
              width="19"
            >
              <use
                xlinkHref="#play-s"
              />
            </svg>
            <span>
              Play
            </span>
          </button>
          <button
            className="btn btn--list movie-card__button"
            type="button"
          >
            <svg
              height="20"
              viewBox="0 0 19 20"
              width="19"
            >
              <use
                xlinkHref="#add"
              />
            </svg>
            <span>
              My list
            </span>
          </button>
          <a
            className="btn movie-card__button"
            href="add-review.html"
          >
            Add review
          </a>
        </div>
      </div>
    </div>
  </div>
  <div
    className="movie-card__wrap movie-card__translate-top"
  >
    <div
      className="movie-card__info"
    >
      <div
        className="movie-card__poster movie-card__poster--big"
      >
        <img
          alt="Test title 1"
          height="327"
          src="https://picsum.photos/id/2"
          width="218"
        />
      </div>
      <div
        className="movie-card__desc"
      >
        <nav
          className="movie-nav movie-card__nav"
        >
          <ul
            className="movie-nav__list"
          >
            <li
              className="movie-nav__item movie-nav__item--active"
            >
              <a
                className="movie-nav__link"
                href="#"
              >
                Overview
              </a>
            </li>
            <li
              className="movie-nav__item"
            >
              <a
                className="movie-nav__link"
                href="#"
              >
                Details
              </a>
            </li>
            <li
              className="movie-nav__item"
            >
              <a
                className="movie-nav__link"
                href="#"
              >
                Reviews
              </a>
            </li>
          </ul>
        </nav>
        <div
          className="movie-rating"
        >
          <div
            className="movie-rating__score"
          >
            5,5
          </div>
          <p
            className="movie-rating__meta"
          >
            <span
              className="movie-rating__level"
            >
              Very good
            </span>
            <span
              className="movie-rating__count"
            >
              100
               ratings
            </span>
          </p>
        </div>
        <div
          className="movie-card__text"
        >
          <p>
            Test description
          </p>
          <p
            className="movie-card__director"
          >
            <strong>
              Director: 
              Test director
            </strong>
          </p>
          <p
            className="movie-card__starring"
          >
            <strong>
              Starring: 
              Test Star 1
            </strong>
          </p>
        </div>
      </div>
    </div>
  </div>
</section>
`;
