// Jest Snapshot v1, https://goo.gl/fbAQLP

exports[`FullPlayer renders correctly 1`] = `null`;
