// Jest Snapshot v1, https://goo.gl/fbAQLP

exports[`Tabs renders correctly 1`] = `
<ul
  className="movie-nav__list"
>
  <li
    className="movie-nav__item movie-nav__item--active"
  >
    <a
      className="movie-nav__link"
      href="#"
      onClick={[Function]}
    >
      tab 1
    </a>
  </li>
  <li
    className="movie-nav__item"
  >
    <a
      className="movie-nav__link"
      href="#"
      onClick={[Function]}
    >
      tab 2
    </a>
  </li>
</ul>
`;
