// Jest Snapshot v1, https://goo.gl/fbAQLP

exports[`TextReview renders correctly 1`] = `
<div
  className="add-review__text"
>
  <textarea
    className="add-review__textarea"
    id="review-text"
    name="review-text"
    placeholder="Review text"
  />
</div>
`;
